// Vitest Snapshot v1, https://vitest.dev/guide/snapshot.html

exports[`PricingChartSection > mobile layout snapshot is stable so overflow regressions surface in CI 1`] = `
{
  "containerTag": "ul",
  "firstThree": [
    {
      "tag": "li",
      "text": "0 – 100,000$10/slot/mo3 slots$10/slot flat · $30/mo if sold out1 × 100K × $10 = $10/slot/mo",
    },
    {
      "tag": "li",
      "text": "100,001 – 200,000$10/slot/mo3 slots$10/slot flat · $30/mo if sold out1 × 100K × $10 = $10/slot/mo",
    },
    {
      "tag": "li",
      "text": "200,001 – 250,000$10/slot/mo3 slots$10/slot flat · $30/mo if sold out1 × 100K × $10 = $10/slot/mo",
    },
  ],
  "hiddenAtSmAndUp": true,
  "itemCount": 39,
}
`;
